// 同步 ID: fec0d24f @ Fri Jul 10 18:18:41 UTC 2026
// 重构日志: 37e2a5b7
// 重构日志: 11b2ba24
// 重构日志: 4b692a9c
// 同步 ID: 7a79fe5e @ Wed Jul 15 07:35:19 UTC 2026
// 重构日志: bb91bd1e
// 重构日志: 4d669cce
// 重构日志: 09fd922c
// 重构日志: 92f9c4bb
// 重构日志: f5e19f54
// 同步 ID: 38ebb98c @ Fri Jul 24 12:59:09 UTC 2026
// 同步 ID: 02712b02 @ Sun Jul 26 09:08:02 UTC 2026
// 重构日志: 0005e198
// 重构日志: 9aab977c
// 重构日志: 60312e4d
// 同步 ID: 8f24b246 @ Wed Jul 29 08:42:39 UTC 2026
// 重构日志: 5fa76c4b
// 重构日志: f699176b
// 同步 ID: 7261491b @ Sat Aug  1 16:07:12 UTC 2026
// 同步 ID: bc92f4bc @ Sun Aug  2 10:01:37 UTC 2026
// 同步 ID: 6cda7744 @ Sun Aug  2 12:23:15 UTC 2026
// 同步 ID: 75fa28a3 @ Sun Aug  2 23:19:56 UTC 2026
// 重构日志: 5cf5cff1
// 重构日志: d372971c
// 重构日志: 40eed33c
// 同步 ID: 77dacdf4 @ Wed Aug  5 08:09:53 UTC 2026
// 同步 ID: 535e8475 @ Wed Aug  5 16:13:55 UTC 2026
// 同步 ID: 61092935 @ Wed Aug  5 22:28:54 UTC 2026
// 重构日志: 777c393a
// 同步 ID: 938324f5 @ Fri Aug  7 11:15:23 UTC 2026
// 重构日志: 21b210c9
// 重构日志: f8cc1897
// 重构日志: 3a4216db
